<!DOCTYPE html>
<html>
  <head>
    <title>Approov</title>
    <meta name="viewport" content="width=device-width,initial-scale=1">
    
    

    <link rel="stylesheet" href="/assets/application-e0cf9d8fcb18bf7f909d8d91a5e78499f82ac29523d475bf3a9ab265d5e2b451.css" />
    <script type="importmap" data-turbo-track="reload">{
  "imports": {
    "application": "/assets/application-3897b39d0f7fe7e947af9b84a1e1304bb30eb1dadb983104797d0a5e26a08736.js"
  }
}</script>
<link rel="modulepreload" href="/assets/application-3897b39d0f7fe7e947af9b84a1e1304bb30eb1dadb983104797d0a5e26a08736.js">
<script src="/assets/es-module-shims.min-4ca9b3dd5e434131e3bb4b0c1d7dff3bfd4035672a5086deec6f73979a49be73.js" async="async" data-turbo-track="reload"></script>
<script type="module">import "application"</script>
  </head>

  <body>
    <h1>Hello.</h1>

<main>
  <div class="example-1">
    <p class="example-2">We're dealing with some basic HTML here.</p>
  </div>
</main>

  </body>
</html>
