<!DOCTYPE html PUBLIC "-//W3C//DTD HTML 4.0 Transitional//EN" "http://www.w3.org/TR/REC-html40/loose.dtd">
<html>
  <body><h1>Hello.</h1>

<main><div class="example-1">
    <p class="example-2">We're dealing with some basic HTML here.</p>
  </div>
</main></body>
</html>
