<h1>Hello.</h1>

<main>
  <div class="example-1">
    <p class="example-2">We're dealing with some basic HTML here.</p>
  </div>
</main>
